---
source: crates/cook-dag-viewer/tests/flow_snapshots.rs
assertion_line: 54
expression: buf_to_string(&buf)
---
⡴⠲⡄   ⡴⠲⡄   ⡴⠲⡄   ⡴⠲⡄   ⡴⠲⡄   ⡴⠲⡄   ⡴⠲⡄   ⡴⠲⡄   
⡇⠉⡇⠉⠉⠉⡇⠉⡇⠉⠉⠉⡇⠉⡇⠉⠉⠉⡇⠉⡇⠉⠉⠉⡇⠉⡇⠉⠉⠉⡇⠉⡇⠉⠉⠉⡇⠉⡇⠉⠉⠉⡇ ⡇   
⠙⠚⠁   ⠙⠚⠁   ⠙⠚⠁   ⠙⠚⠁   ⠙⠚⠁   ⠙⠚⠁   ⠙⠚⠁   ⠙⠚⠁   
⡴⠲⡄   ⡴⠲⡄   ⡴⠲⡄   ⡴⠲⡄   ⡴⠲⡄   ⡴⠲⡄   ⡴⠲⡄   ⡴⠲⡄   
⡇⠉⡇⠉⠉⠉⡇⠉⡇⠉⠉⠉⡇⠉⡇⠉⠉⠉⡇⠉⡇⠉⠉⠉⡇⠉⡇⠉⠉⠉⡇⠉⡇⠉⠉⠉⡇⠉⡇⠉⠉⠉⡇ ⡇   
⠙⠚⠁   ⠙⠚⠁   ⠙⠚⠁   ⠙⠚⠁   ⠙⠚⠁   ⠙⠚⠁   ⠙⠚⠁   ⠙⠚⠁   
⡴⠲⡄   ⡴⠲⡄   ⡴⠲⡄   ⡴⠲⡄   ⡴⠲⡄   ⡴⠲⡄   ⡴⠲⡄   ⡴⠲⡄   
⡇⠉⡇⠉⠉⠉⡇⠉⡇⠉⠉⠉⡇⠉⡇⠉⠉⠉⡇⠉⡇⠉⠉⠉⡇⠉⡇⠉⠉⠉⡇⠉⡇⠉⠉⠉⡇⠉⡇⠉⠉⠉⡇ ⡇   
⠙⠚⠁   ⠙⠚⠁   ⠙⠚⠁   ⠙⠚⠁   ⠙⠚⠁   ⠙⠚⠁   ⠙⠚⠁   ⠙⠚⠁   
⡴⠲⡄   ⡴⠲⡄   ⡴⠲⡄   ⡴⠲⡄   ⡴⠲⡄   ⡴⠲⡄   ⡴⠲⡄   ⡴⠲⡄   
⡇⠉⡇⠉⠉⠉⡇⠉⡇⠉⠉⠉⡇⠉⡇⠉⠉⠉⡇⠉⡇⠉⠉⠉⡇⠉⡇⠉⠉⠉⡇⠉⡇⠉⠉⠉⡇⠉⡇⠉⠉⠉⡇ ⡇   
⠙⠚⠁   ⠙⠚⠁   ⠙⠚⠁   ⠙⠚⠁   ⠙⠚⠁   ⠙⠚⠁   ⠙⠚⠁   ⠙⠚⠁   
⡴⠲⡄   ⡴⠲⡄   ⡴⠲⡄   ⡴⠲⡄   ⡴⠲⡄   ⡴⠲⡄   ⡴⠲⡄   ⡴⠲⡄   
⡇⠉⡇⠉⠉⠉⡇⠉⡇⠉⠉⠉⡇⠉⡇⠉⠉⠉⡇⠉⡇⠉⠉⠉⡇⠉⡇⠉⠉⠉⡇⠉⡇⠉⠉⠉⡇⠉⡇⠉⠉⠉⡇ ⡇   
⠙⠚⠁   ⠙⠚⠁   ⠙⠚⠁   ⠙⠚⠁   ⠙⠚⠁   ⠙⠚⠁   ⠙⠚⠁   ⠙⠚⠁   
⡴⠲⡄                                             
⡇ ⡇                                             
⠙⠚⠁                                             
⡴⠲⡄                                             
⡇ ⡇                                             
⠙⠚⠁                                             
⡴⠲⡄                                             
⡇ ⡇                                             
⠙⠚⠁                                             
⡴⠲⡄                                             
⡇ ⡇                                             
⠙⠚⠁                                             
⡴⠲⡄                                             
⡇ ⡇                                             
⠙⠚⠁                                             
⡴⠲⡄                                             
⡇ ⡇                                             
⠙⠚⠁                                             
⡴⠲⡄                                             
⡇ ⡇                                             
⠙⠚⠁                                             
⡴⠲⡄                                             
⡇ ⡇                                             
⠙⠚⠁                                             
⡴⠲⡄                                             
⡇ ⡇                                             
⠙⠚⠁                                             
⡴⠲⡄                                             
⡇ ⡇                                             
⠙⠚⠁                                             
⡴⠲⡄                                             
⡇ ⡇                                             
⠙⠚⠁                                             
⡴⠲⡄                                             
⡇ ⡇                                             
⠙⠚⠁                                             
⡴⠲⡄                                             
⡇ ⡇                                             
⠙⠚⠁                                             
⡴⠲⡄                                             
⡇ ⡇                                             
⠙⠚⠁                                             
⡴⠲⡄                                             
⡇ ⡇                                             
⠙⠚⠁                                             
⡴⠲⡄                                             
⡇ ⡇                                             
⠙⠚⠁                                             
⡴⠲⡄                                             
⡇ ⡇                                             
⠙⠚⠁                                             
⡴⠲⡄                                             
⡇ ⡇                                             
⠙⠚⠁                                             
⡴⠲⡄                                             
⡇ ⡇                                             
⠙⠚⠁                                             
⡴⠲⡄                                             
⡇ ⡇                                             
⠙⠚⠁                                             
⡴⠲⡄                                             
⡇ ⡇                                             
⠙⠚⠁                                             
⡴⠲⡄                                             
⡇ ⡇                                             
⠙⠚⠁                                             
⡴⠲⡄                                             
⡇ ⡇                                             
⠙⠚⠁                                             
⡴⠲⡄                                             
⡇ ⡇                                             
⠙⠚⠁                                             
⡴⠲⡄                                             
⡇ ⡇                                             
⠙⠚⠁                                             
⡴⠲⡄                                             
⡇ ⡇                                             
⠙⠚⠁                                             
⡴⠲⡄                                             
⡇ ⡇                                             
⠙⠚⠁                                             
⡴⠲⡄                                             
⡇ ⡇                                             
⠙⠚⠁                                             
⡴⠲⡄                                             
⡇ ⡇                                             
⠙⠚⠁                                             
⡴⠲⡄                                             
⡇ ⡇                                             
⠙⠚⠁                                             
⡴⠲⡄                                             
⡇ ⡇                                             
⠙⠚⠁                                             
⡴⠲⡄                                             
⡇ ⡇                                             
⠙⠚⠁                                             
⡴⠲⡄                                             
⡇ ⡇                                             
⠙⠚⠁                                             
⡴⠲⡄                                             
⡇ ⡇                                             
⠙⠚⠁                                             
⡴⠲⡄                                             
⡇ ⡇                                             
⠙⠚⠁                                             
⡴⠲⡄                                             
⡇ ⡇                                             
⠙⠚⠁                                             
⡴⠲⡄                                             
⡇ ⡇                                             
⠙⠚⠁                                             
⡴⠲⡄                                             
⡇ ⡇                                             
⠙⠚⠁                                             
⡴⠲⡄                                             
⡇ ⡇                                             
⠙⠚⠁                                             
⡴⠲⡄                                             
⡇ ⡇                                             
⠙⠚⠁
