---
source: crates/cook-dag-viewer/tests/flow_snapshots.rs
assertion_line: 66
expression: buf_to_string(&buf)
---
⢀⢆    ⢀⢆    ⢀⢆    ⢀⢆    ⢀⢆    ⢀⢆    
⢎⢈⠆⠉⠉⠉⢎⢈⠆⠉⠉⠉⢎⢈⠆⠉⠉⠉⢎⢈⠆⠉⠉⠉⢎⢈⠆⠉⠉⠉⢎⢈⠆   
⠈⠊    ⠈⠊    ⠈⠊    ⠈⠊    ⠈⠊    ⠈⠊    
⢀⢆    ⢀⢆    ⢀⢆    ⢀⢆    ⢀⢆    ⢀⢆    
⢎⢈⠆⠉⠉⠉⢎⢈⠆⠉⠉⠉⢎⢈⠆⠉⠉⠉⢎⢈⠆⠉⠉⠉⢎⢈⠆⠉⠉⠉⢎⢈⠆   
⠈⠊    ⠈⠊    ⠈⠊    ⠈⠊    ⠈⠊    ⠈⠊    
⢀⢆    ⢀⢆    ⢀⢆    ⢀⢆    ⢀⢆    ⢀⢆    
⢎⢈⠆⠉⠉⠉⢎⢈⠆⠉⠉⠉⢎⢈⠆⠉⠉⠉⢎⢈⠆⠉⠉⠉⢎⢈⠆⠉⠉⠉⢎⢈⠆   
⠈⠊    ⠈⠊    ⠈⠊    ⠈⠊    ⠈⠊    ⠈⠊    
⢀⢆                                  
⢎⢈⠆                                 
⠈⠊                                  
⢀⢆                                  
⢎⢈⠆                                 
⠈⠊                                  
⢀⢆                                  
⢎⢈⠆                                 
⠈⠊                                  
⢀⢆                                  
⢎⢈⠆                                 
⠈⠊                                  
⢀⢆                                  
⢎⢈⠆                                 
⠈⠊                                  
⢀⢆                                  
⢎⢈⠆                                 
⠈⠊                                  
⢀⢆                                  
⢎⢈⠆                                 
⠈⠊                                  
⢀⢆                                  
⢎⢈⠆                                 
⠈⠊                                  
⢀⢆                                  
⢎⢈⠆                                 
⠈⠊                                  
⢀⢆                                  
⢎⢈⠆                                 
⠈⠊                                  
⢀⢆                                  
⢎⢈⠆                                 
⠈⠊                                  
⢀⢆                                  
⢎⢈⠆                                 
⠈⠊
